2020-12-10 17:52:26.694 error: test
2020-12-10 17:54:10.598 error: test
2020-12-10 17:54:24.548 error: test
2020-12-10 17:56:12.638 error: test
2020-12-10 17:56:37.471 error: test
2020-12-10 17:58:22.094 error: test
2020-12-10 17:58:28.231 error: test
2020-12-10 17:59:04.405 error: test
2020-12-10 17:59:04.408 fatal: panic: runtime error: invalid memory address or nil pointer dereference [recovered]
	panic: runtime error: invalid memory address or nil pointer dereference [recovered]
	panic: runtime error: invalid memory address or nil pointer dereference
[signal SIGSEGV: segmentation violation code=0x1 addr=0x58 pc=0x5d72cc]

goroutine 21 [running]:
testing.tRunner.func1.1(0x603380, 0x7b1850)
	/usr/lib/go-1.15/src/testing/testing.go:1072 +0x30d
testing.tRunner.func1(0xc000102f00)
	/usr/lib/go-1.15/src/testing/testing.go:1075 +0x41a
panic(0x603380, 0x7b1850)
	/usr/lib/go-1.15/src/runtime/panic.go:969 +0x1b9
github.com/modulo-srl/sparalog.Done()
	/home/mark/Projects/sparalog/sparalog.go:75 +0x10c
panic(0x603380, 0x7b1850)
	/usr/lib/go-1.15/src/runtime/panic.go:969 +0x1b9
github.com/modulo-srl/sparalog/test.TestMainPanic(0xc000102f00)
	/home/mark/Projects/sparalog/test/panic_test.go:25 +0x8b
testing.tRunner(0xc000102f00, 0x655ca0)
	/usr/lib/go-1.15/src/testing/testing.go:1123 +0xef
created by testing.(*T).Run
	/usr/lib/go-1.15/src/testing/testing.go:1168 +0x2b3

2020-12-10 17:59:40.876 error: test
2020-12-10 17:59:40.879 fatal: panic: runtime error: invalid memory address or nil pointer dereference [recovered]
	panic: runtime error: invalid memory address or nil pointer dereference [recovered]
	panic: runtime error: invalid memory address or nil pointer dereference
[signal SIGSEGV: segmentation violation code=0x1 addr=0x58 pc=0x5d72cc]

goroutine 8 [running]:
testing.tRunner.func1.1(0x603380, 0x7b1830)
	/usr/lib/go-1.15/src/testing/testing.go:1072 +0x30d
testing.tRunner.func1(0xc0000fe180)
	/usr/lib/go-1.15/src/testing/testing.go:1075 +0x41a
panic(0x603380, 0x7b1830)
	/usr/lib/go-1.15/src/runtime/panic.go:969 +0x1b9
github.com/modulo-srl/sparalog.Done()
	/home/mark/Projects/sparalog/sparalog.go:75 +0x10c
panic(0x603380, 0x7b1830)
	/usr/lib/go-1.15/src/runtime/panic.go:969 +0x1b9
github.com/modulo-srl/sparalog/test.TestMainPanic(0xc0000fe180)
	/home/mark/Projects/sparalog/test/panic_test.go:24 +0x8b
testing.tRunner(0xc0000fe180, 0x655c60)
	/usr/lib/go-1.15/src/testing/testing.go:1123 +0xef
created by testing.(*T).Run
	/usr/lib/go-1.15/src/testing/testing.go:1168 +0x2b3

2020-12-10 18:00:54.648 error: test
2020-12-10 18:00:54.651 fatal: panic: runtime error: invalid memory address or nil pointer dereference [recovered]
	panic: runtime error: invalid memory address or nil pointer dereference [recovered]
	panic: runtime error: invalid memory address or nil pointer dereference
[signal SIGSEGV: segmentation violation code=0x1 addr=0x58 pc=0x5d72cc]

goroutine 8 [running]:
testing.tRunner.func1.1(0x6033e0, 0x7b1850)
	/usr/lib/go-1.15/src/testing/testing.go:1072 +0x30d
testing.tRunner.func1(0xc0000fa180)
	/usr/lib/go-1.15/src/testing/testing.go:1075 +0x41a
panic(0x6033e0, 0x7b1850)
	/usr/lib/go-1.15/src/runtime/panic.go:969 +0x1b9
github.com/modulo-srl/sparalog.Done()
	/home/mark/Projects/sparalog/sparalog.go:75 +0x10c
panic(0x6033e0, 0x7b1850)
	/usr/lib/go-1.15/src/runtime/panic.go:969 +0x1b9
github.com/modulo-srl/sparalog/test.TestMainPanic(0xc0000fa180)
	/home/mark/Projects/sparalog/test/panic_test.go:24 +0x8b
testing.tRunner(0xc0000fa180, 0x655d80)
	/usr/lib/go-1.15/src/testing/testing.go:1123 +0xef
created by testing.(*T).Run
	/usr/lib/go-1.15/src/testing/testing.go:1168 +0x2b3

2020-12-10 18:01:21.881 error: test
2020-12-10 18:01:28.267 error: test
2020-12-10 18:01:28.270 fatal: panic: runtime error: invalid memory address or nil pointer dereference [recovered]
	panic: runtime error: invalid memory address or nil pointer dereference [recovered]
	panic: runtime error: invalid memory address or nil pointer dereference
[signal SIGSEGV: segmentation violation code=0x1 addr=0x58 pc=0x5d72cc]

goroutine 21 [running]:
testing.tRunner.func1.1(0x603380, 0x7b1830)
	/usr/lib/go-1.15/src/testing/testing.go:1072 +0x30d
testing.tRunner.func1(0xc000102f00)
	/usr/lib/go-1.15/src/testing/testing.go:1075 +0x41a
panic(0x603380, 0x7b1830)
	/usr/lib/go-1.15/src/runtime/panic.go:969 +0x1b9
github.com/modulo-srl/sparalog.Done()
	/home/mark/Projects/sparalog/sparalog.go:75 +0x10c
panic(0x603380, 0x7b1830)
	/usr/lib/go-1.15/src/runtime/panic.go:969 +0x1b9
github.com/modulo-srl/sparalog/test.TestMainPanic(0xc000102f00)
	/home/mark/Projects/sparalog/test/panic_test.go:24 +0x8b
testing.tRunner(0xc000102f00, 0x655c60)
	/usr/lib/go-1.15/src/testing/testing.go:1123 +0xef
created by testing.(*T).Run
	/usr/lib/go-1.15/src/testing/testing.go:1168 +0x2b3

2020-12-10 18:01:49.904 error: test
2020-12-10 18:01:49.907 fatal: panic: runtime error: invalid memory address or nil pointer dereference [recovered]
	panic: runtime error: invalid memory address or nil pointer dereference [recovered]
	panic: runtime error: invalid memory address or nil pointer dereference
[signal SIGSEGV: segmentation violation code=0x1 addr=0x58 pc=0x5d72cc]

goroutine 21 [running]:
testing.tRunner.func1.1(0x603380, 0x7b1850)
	/usr/lib/go-1.15/src/testing/testing.go:1072 +0x30d
testing.tRunner.func1(0xc000102f00)
	/usr/lib/go-1.15/src/testing/testing.go:1075 +0x41a
panic(0x603380, 0x7b1850)
	/usr/lib/go-1.15/src/runtime/panic.go:969 +0x1b9
github.com/modulo-srl/sparalog.Done()
	/home/mark/Projects/sparalog/sparalog.go:75 +0x10c
panic(0x603380, 0x7b1850)
	/usr/lib/go-1.15/src/runtime/panic.go:969 +0x1b9
github.com/modulo-srl/sparalog/test.TestMainPanic(0xc000102f00)
	/home/mark/Projects/sparalog/test/panic_test.go:26 +0x8b
testing.tRunner(0xc000102f00, 0x655c68)
	/usr/lib/go-1.15/src/testing/testing.go:1123 +0xef
created by testing.(*T).Run
	/usr/lib/go-1.15/src/testing/testing.go:1168 +0x2b3

2020-12-10 18:02:48.991 error: test
2020-12-10 18:02:48.994 fatal: panic: runtime error: invalid memory address or nil pointer dereference [recovered]
	panic: runtime error: invalid memory address or nil pointer dereference [recovered]
	panic: runtime error: invalid memory address or nil pointer dereference
[signal SIGSEGV: segmentation violation code=0x1 addr=0x58 pc=0x5d7325]

goroutine 8 [running]:
testing.tRunner.func1.1(0x603380, 0x7b1850)
	/usr/lib/go-1.15/src/testing/testing.go:1072 +0x30d
testing.tRunner.func1(0xc0000fe180)
	/usr/lib/go-1.15/src/testing/testing.go:1075 +0x41a
panic(0x603380, 0x7b1850)
	/usr/lib/go-1.15/src/runtime/panic.go:969 +0x1b9
github.com/modulo-srl/sparalog.Done()
	/home/mark/Projects/sparalog/sparalog.go:78 +0x165
panic(0x603380, 0x7b1850)
	/usr/lib/go-1.15/src/runtime/panic.go:969 +0x1b9
github.com/modulo-srl/sparalog/test.TestMainPanic(0xc0000fe180)
	/home/mark/Projects/sparalog/test/panic_test.go:26 +0x8b
testing.tRunner(0xc0000fe180, 0x655c78)
	/usr/lib/go-1.15/src/testing/testing.go:1123 +0xef
created by testing.(*T).Run
	/usr/lib/go-1.15/src/testing/testing.go:1168 +0x2b3

2020-12-10 18:05:40.581 error: test
2020-12-10 18:05:40.584 fatal: panic: runtime error: invalid memory address or nil pointer dereference [recovered]
	panic: runtime error: invalid memory address or nil pointer dereference [recovered]
	panic: runtime error: invalid memory address or nil pointer dereference
[signal SIGSEGV: segmentation violation code=0x1 addr=0x58 pc=0x5d7325]

goroutine 21 [running]:
testing.tRunner.func1.1(0x603380, 0x7b1850)
	/usr/lib/go-1.15/src/testing/testing.go:1072 +0x30d
testing.tRunner.func1(0xc000102f00)
	/usr/lib/go-1.15/src/testing/testing.go:1075 +0x41a
panic(0x603380, 0x7b1850)
	/usr/lib/go-1.15/src/runtime/panic.go:969 +0x1b9
github.com/modulo-srl/sparalog.Done()
	/home/mark/Projects/sparalog/sparalog.go:78 +0x165
panic(0x603380, 0x7b1850)
	/usr/lib/go-1.15/src/runtime/panic.go:969 +0x1b9
github.com/modulo-srl/sparalog/test.TestMainPanic(0xc000102f00)
	/home/mark/Projects/sparalog/test/panic_test.go:26 +0x8b
testing.tRunner(0xc000102f00, 0x655c78)
	/usr/lib/go-1.15/src/testing/testing.go:1123 +0xef
created by testing.(*T).Run
	/usr/lib/go-1.15/src/testing/testing.go:1168 +0x2b3

2020-12-10 18:06:01.361 error: test
2020-12-10 18:06:01.364 fatal: panic: runtime error: invalid memory address or nil pointer dereference [recovered]
	panic: runtime error: invalid memory address or nil pointer dereference [recovered]
	panic: runtime error: invalid memory address or nil pointer dereference
[signal SIGSEGV: segmentation violation code=0x1 addr=0x58 pc=0x5d7322]

goroutine 21 [running]:
testing.tRunner.func1.1(0x603380, 0x7b1850)
	/usr/lib/go-1.15/src/testing/testing.go:1072 +0x30d
testing.tRunner.func1(0xc000192900)
	/usr/lib/go-1.15/src/testing/testing.go:1075 +0x41a
panic(0x603380, 0x7b1850)
	/usr/lib/go-1.15/src/runtime/panic.go:969 +0x1b9
github.com/modulo-srl/sparalog.Done()
	/home/mark/Projects/sparalog/sparalog.go:77 +0x162
panic(0x603380, 0x7b1850)
	/usr/lib/go-1.15/src/runtime/panic.go:969 +0x1b9
github.com/modulo-srl/sparalog/test.TestMainPanic(0xc000192900)
	/home/mark/Projects/sparalog/test/panic_test.go:26 +0x8b
testing.tRunner(0xc000192900, 0x655c78)
	/usr/lib/go-1.15/src/testing/testing.go:1123 +0xef
created by testing.(*T).Run
	/usr/lib/go-1.15/src/testing/testing.go:1168 +0x2b3

2020-12-10 18:07:30.862 error: test
2020-12-10 18:07:30.865 fatal: panic: runtime error: invalid memory address or nil pointer dereference [recovered]
	panic: runtime error: invalid memory address or nil pointer dereference [recovered]
	panic: runtime error: invalid memory address or nil pointer dereference
[signal SIGSEGV: segmentation violation code=0x1 addr=0x48 pc=0x5d7322]

goroutine 8 [running]:
testing.tRunner.func1.1(0x603380, 0x7b1850)
	/usr/lib/go-1.15/src/testing/testing.go:1072 +0x30d
testing.tRunner.func1(0xc0000fe180)
	/usr/lib/go-1.15/src/testing/testing.go:1075 +0x41a
panic(0x603380, 0x7b1850)
	/usr/lib/go-1.15/src/runtime/panic.go:969 +0x1b9
github.com/modulo-srl/sparalog.Done()
	/home/mark/Projects/sparalog/sparalog.go:77 +0x162
panic(0x603380, 0x7b1850)
	/usr/lib/go-1.15/src/runtime/panic.go:969 +0x1b9
github.com/modulo-srl/sparalog/test.TestMainPanic(0xc0000fe180)
	/home/mark/Projects/sparalog/test/panic_test.go:26 +0x8b
testing.tRunner(0xc0000fe180, 0x655c78)
	/usr/lib/go-1.15/src/testing/testing.go:1123 +0xef
created by testing.(*T).Run
	/usr/lib/go-1.15/src/testing/testing.go:1168 +0x2b3

2020-12-10 18:07:43.890 error: test
2020-12-10 18:08:19.891 error: test
2020-12-10 18:08:19.894 fatal: panic: runtime error: invalid memory address or nil pointer dereference [recovered]
	panic: runtime error: invalid memory address or nil pointer dereference [recovered]
	panic: runtime error: invalid memory address or nil pointer dereference
[signal SIGSEGV: segmentation violation code=0x1 addr=0x58 pc=0x5d732c]

goroutine 21 [running]:
testing.tRunner.func1.1(0x603380, 0x7b1850)
	/usr/lib/go-1.15/src/testing/testing.go:1072 +0x30d
testing.tRunner.func1(0xc000102f00)
	/usr/lib/go-1.15/src/testing/testing.go:1075 +0x41a
panic(0x603380, 0x7b1850)
	/usr/lib/go-1.15/src/runtime/panic.go:969 +0x1b9
github.com/modulo-srl/sparalog.Done()
	/home/mark/Projects/sparalog/sparalog.go:75 +0x10c
panic(0x603380, 0x7b1850)
	/usr/lib/go-1.15/src/runtime/panic.go:969 +0x1b9
github.com/modulo-srl/sparalog/test.TestMainPanic(0xc000102f00)
	/home/mark/Projects/sparalog/test/panic_test.go:26 +0x8b
testing.tRunner(0xc000102f00, 0x655c78)
	/usr/lib/go-1.15/src/testing/testing.go:1123 +0xef
created by testing.(*T).Run
	/usr/lib/go-1.15/src/testing/testing.go:1168 +0x2b3

2020-12-10 18:08:43.192 error: test
2020-12-10 18:08:43.195 fatal: panic: runtime error: invalid memory address or nil pointer dereference [recovered]
	panic: runtime error: invalid memory address or nil pointer dereference [recovered]
	panic: runtime error: invalid memory address or nil pointer dereference
[signal SIGSEGV: segmentation violation code=0x1 addr=0x58 pc=0x5d73ac]

goroutine 8 [running]:
testing.tRunner.func1.1(0x603380, 0x7b1850)
	/usr/lib/go-1.15/src/testing/testing.go:1072 +0x30d
testing.tRunner.func1(0xc0000fe180)
	/usr/lib/go-1.15/src/testing/testing.go:1075 +0x41a
panic(0x603380, 0x7b1850)
	/usr/lib/go-1.15/src/runtime/panic.go:969 +0x1b9
github.com/modulo-srl/sparalog.Done()
	/home/mark/Projects/sparalog/sparalog.go:75 +0x10c
panic(0x603380, 0x7b1850)
	/usr/lib/go-1.15/src/runtime/panic.go:969 +0x1b9
github.com/modulo-srl/sparalog/test.TestMainPanic(0xc0000fe180)
	/home/mark/Projects/sparalog/test/panic_test.go:26 +0x8b
testing.tRunner(0xc0000fe180, 0x655c78)
	/usr/lib/go-1.15/src/testing/testing.go:1123 +0xef
created by testing.(*T).Run
	/usr/lib/go-1.15/src/testing/testing.go:1168 +0x2b3

2020-12-10 18:18:45.382 error: test
2020-12-10 18:18:45.386 fatal: panic: runtime error: invalid memory address or nil pointer dereference [recovered]
	panic: runtime error: invalid memory address or nil pointer dereference [recovered]
	panic: runtime error: invalid memory address or nil pointer dereference
[signal SIGSEGV: segmentation violation code=0x1 addr=0x0 pc=0x69128e]

goroutine 8 [running]:
testing.tRunner.func1.1(0x6be720, 0x846840)
	/usr/lib/go-1.15/src/testing/testing.go:1072 +0x552
testing.tRunner.func1(0xc0000fa180)
	/usr/lib/go-1.15/src/testing/testing.go:1075 +0x328
panic(0x6be720, 0x846840)
	/usr/lib/go-1.15/src/runtime/panic.go:975 +0x4c6
github.com/modulo-srl/sparalog.Done()
	/home/mark/Projects/sparalog/sparalog.go:75 +0xce
panic(0x6be720, 0x846840)
	/usr/lib/go-1.15/src/runtime/panic.go:975 +0x4c6
github.com/modulo-srl/sparalog/test.TestMainPanic(0xc0000fa180)
	/home/mark/Projects/sparalog/test/panic_test.go:27 +0xa6
testing.tRunner(0xc0000fa180, 0x7115d8)
	/usr/lib/go-1.15/src/testing/testing.go:1123 +0x1a3
created by testing.(*T).Run
	/usr/lib/go-1.15/src/testing/testing.go:1168 +0x648

2020-12-10 18:24:40.798 error: test
2020-12-10 18:24:40.801 fatal: panic: runtime error: invalid memory address or nil pointer dereference [recovered]
	panic: runtime error: invalid memory address or nil pointer dereference [recovered]
	panic: runtime error: invalid memory address or nil pointer dereference
[signal SIGSEGV: segmentation violation code=0x1 addr=0x0 pc=0x69128e]

goroutine 8 [running]:
testing.tRunner.func1.1(0x6be720, 0x846840)
	/usr/lib/go-1.15/src/testing/testing.go:1072 +0x552
testing.tRunner.func1(0xc0000fa180)
	/usr/lib/go-1.15/src/testing/testing.go:1075 +0x328
panic(0x6be720, 0x846840)
	/usr/lib/go-1.15/src/runtime/panic.go:975 +0x4c6
github.com/modulo-srl/sparalog.Done()
	/home/mark/Projects/sparalog/sparalog.go:75 +0xce
panic(0x6be720, 0x846840)
	/usr/lib/go-1.15/src/runtime/panic.go:975 +0x4c6
github.com/modulo-srl/sparalog/test.TestMainPanic(0xc0000fa180)
	/home/mark/Projects/sparalog/test/panic_test.go:27 +0xa6
testing.tRunner(0xc0000fa180, 0x7115d8)
	/usr/lib/go-1.15/src/testing/testing.go:1123 +0x1a3
created by testing.(*T).Run
	/usr/lib/go-1.15/src/testing/testing.go:1168 +0x648

2020-12-11 00:00:39.051 error: test
2020-12-11 00:00:41.313 fatal: panic: runtime error: invalid memory address or nil pointer dereference [recovered]
	panic: runtime error: invalid memory address or nil pointer dereference [recovered]
	panic: runtime error: invalid memory address or nil pointer dereference
[signal SIGSEGV: segmentation violation code=0x1 addr=0x0 pc=0x69128e]

goroutine 8 [running]:
testing.tRunner.func1.1(0x6bd640, 0x844840)
	/usr/lib/go-1.15/src/testing/testing.go:1072 +0x552
testing.tRunner.func1(0xc0000fa180)
	/usr/lib/go-1.15/src/testing/testing.go:1075 +0x328
panic(0x6bd640, 0x844840)
	/usr/lib/go-1.15/src/runtime/panic.go:975 +0x4c6
github.com/modulo-srl/sparalog.Done()
	/home/mark/Projects/sparalog/sparalog.go:75 +0xce
panic(0x6bd640, 0x844840)
	/usr/lib/go-1.15/src/runtime/panic.go:975 +0x4c6
github.com/modulo-srl/sparalog/test.TestMainPanic(0xc0000fa180)
	/home/mark/Projects/sparalog/test/panic_test.go:24 +0xa6
testing.tRunner(0xc0000fa180, 0x710460)
	/usr/lib/go-1.15/src/testing/testing.go:1123 +0x1a3
created by testing.(*T).Run
	/usr/lib/go-1.15/src/testing/testing.go:1168 +0x648

2020-12-11 00:09:51.715 error: test
2020-12-11 00:09:51.718 fatal: panic: runtime error: invalid memory address or nil pointer dereference [recovered]
	panic: runtime error: invalid memory address or nil pointer dereference [recovered]
	panic: runtime error: invalid memory address or nil pointer dereference
[signal SIGSEGV: segmentation violation code=0x1 addr=0x58 pc=0x5d72cc]

goroutine 21 [running]:
testing.tRunner.func1.1(0x6033e0, 0x7b1870)
	/usr/lib/go-1.15/src/testing/testing.go:1072 +0x30d
testing.tRunner.func1(0xc000192900)
	/usr/lib/go-1.15/src/testing/testing.go:1075 +0x41a
panic(0x6033e0, 0x7b1870)
	/usr/lib/go-1.15/src/runtime/panic.go:969 +0x1b9
github.com/modulo-srl/sparalog.Done()
	/home/mark/Projects/sparalog/sparalog.go:76 +0x10c
panic(0x6033e0, 0x7b1870)
	/usr/lib/go-1.15/src/runtime/panic.go:969 +0x1b9
github.com/modulo-srl/sparalog/test.TestMainPanic(0xc000192900)
	/home/mark/Projects/sparalog/test/panic_test.go:24 +0x8b
testing.tRunner(0xc000192900, 0x655db8)
	/usr/lib/go-1.15/src/testing/testing.go:1123 +0xef
created by testing.(*T).Run
	/usr/lib/go-1.15/src/testing/testing.go:1168 +0x2b3

2020-12-11 00:10:10.002 error: test
2020-12-11 00:10:10.004 fatal: panic: runtime error: invalid memory address or nil pointer dereference [recovered]
	panic: runtime error: invalid memory address or nil pointer dereference [recovered]
	panic: runtime error: invalid memory address or nil pointer dereference
[signal SIGSEGV: segmentation violation code=0x1 addr=0x58 pc=0x5d72cc]

goroutine 8 [running]:
testing.tRunner.func1.1(0x603380, 0x7b1850)
	/usr/lib/go-1.15/src/testing/testing.go:1072 +0x30d
testing.tRunner.func1(0xc0000fe180)
	/usr/lib/go-1.15/src/testing/testing.go:1075 +0x41a
panic(0x603380, 0x7b1850)
	/usr/lib/go-1.15/src/runtime/panic.go:969 +0x1b9
github.com/modulo-srl/sparalog.Done()
	/home/mark/Projects/sparalog/sparalog.go:76 +0x10c
panic(0x603380, 0x7b1850)
	/usr/lib/go-1.15/src/runtime/panic.go:969 +0x1b9
github.com/modulo-srl/sparalog/test.TestMainPanic(0xc0000fe180)
	/home/mark/Projects/sparalog/test/panic_test.go:24 +0x8b
testing.tRunner(0xc0000fe180, 0x655c98)
	/usr/lib/go-1.15/src/testing/testing.go:1123 +0xef
created by testing.(*T).Run
	/usr/lib/go-1.15/src/testing/testing.go:1168 +0x2b3

2020-12-11 01:13:07.367 error: test
2020-12-11 01:13:07.370 fatal: panic: runtime error: invalid memory address or nil pointer dereference [recovered]
	panic: runtime error: invalid memory address or nil pointer dereference [recovered]
	panic: runtime error: invalid memory address or nil pointer dereference
[signal SIGSEGV: segmentation violation code=0x1 addr=0x58 pc=0x5d758c]
STACKTRACE (by watcher): goroutine 8 [running]:
testing.tRunner.func1.1(0x6044e0, 0x7b3870)
	/usr/lib/go-1.15/src/testing/testing.go:1072 +0x30d
testing.tRunner.func1(0xc0000fa180)
	/usr/lib/go-1.15/src/testing/testing.go:1075 +0x41a
panic(0x6044e0, 0x7b3870)
	/usr/lib/go-1.15/src/runtime/panic.go:969 +0x1b9
github.com/modulo-srl/sparalog.Done()
	/home/mark/Projects/sparalog/sparalog.go:77 +0x10c
panic(0x6044e0, 0x7b3870)
	/usr/lib/go-1.15/src/runtime/panic.go:969 +0x1b9
github.com/modulo-srl/sparalog/test.TestMainPanic(0xc0000fa180)
	/home/mark/Projects/sparalog/test/panic_test.go:24 +0x8b
testing.tRunner(0xc0000fa180, 0x6570f0)
	/usr/lib/go-1.15/src/testing/testing.go:1123 +0xef
created by testing.(*T).Run
	/usr/lib/go-1.15/src/testing/testing.go:1168 +0x2b3

2020-12-11 01:13:41.726 error: test
2020-12-11 01:13:41.730 fatal: panic: runtime error: invalid memory address or nil pointer dereference [recovered]
	panic: runtime error: invalid memory address or nil pointer dereference [recovered]
	panic: runtime error: invalid memory address or nil pointer dereference
[signal SIGSEGV: segmentation violation code=0x1 addr=0x58 pc=0x5d758c]
STACKTRACE (by watcher): goroutine 21 [running]:
testing.tRunner.func1.1(0x6044e0, 0x7b3870)
	/usr/lib/go-1.15/src/testing/testing.go:1072 +0x30d
testing.tRunner.func1(0xc000102f00)
	/usr/lib/go-1.15/src/testing/testing.go:1075 +0x41a
panic(0x6044e0, 0x7b3870)
	/usr/lib/go-1.15/src/runtime/panic.go:969 +0x1b9
github.com/modulo-srl/sparalog.Done()
	/home/mark/Projects/sparalog/sparalog.go:77 +0x10c
panic(0x6044e0, 0x7b3870)
	/usr/lib/go-1.15/src/runtime/panic.go:969 +0x1b9
github.com/modulo-srl/sparalog/test.TestMainPanic(0xc000102f00)
	/home/mark/Projects/sparalog/test/panic_test.go:26 +0x96
testing.tRunner(0xc000102f00, 0x6570f0)
	/usr/lib/go-1.15/src/testing/testing.go:1123 +0xef
created by testing.(*T).Run
	/usr/lib/go-1.15/src/testing/testing.go:1168 +0x2b3

2020-12-11 01:13:44.050 error: test
2020-12-11 01:13:44.053 fatal: panic: runtime error: invalid memory address or nil pointer dereference [recovered]
	panic: runtime error: invalid memory address or nil pointer dereference [recovered]
	panic: runtime error: invalid memory address or nil pointer dereference
[signal SIGSEGV: segmentation violation code=0x1 addr=0x58 pc=0x5d758c]
STACKTRACE (by watcher): goroutine 8 [running]:
testing.tRunner.func1.1(0x6044e0, 0x7b3870)
	/usr/lib/go-1.15/src/testing/testing.go:1072 +0x30d
testing.tRunner.func1(0xc0000fa180)
	/usr/lib/go-1.15/src/testing/testing.go:1075 +0x41a
panic(0x6044e0, 0x7b3870)
	/usr/lib/go-1.15/src/runtime/panic.go:969 +0x1b9
github.com/modulo-srl/sparalog.Done()
	/home/mark/Projects/sparalog/sparalog.go:77 +0x10c
panic(0x6044e0, 0x7b3870)
	/usr/lib/go-1.15/src/runtime/panic.go:969 +0x1b9
github.com/modulo-srl/sparalog/test.TestMainPanic(0xc0000fa180)
	/home/mark/Projects/sparalog/test/panic_test.go:26 +0x96
testing.tRunner(0xc0000fa180, 0x6570f0)
	/usr/lib/go-1.15/src/testing/testing.go:1123 +0xef
created by testing.(*T).Run
	/usr/lib/go-1.15/src/testing/testing.go:1168 +0x2b3

2020-12-11 01:13:57.618 error: test
2020-12-11 01:13:57.621 fatal: panic: runtime error: invalid memory address or nil pointer dereference [recovered]
	panic: runtime error: invalid memory address or nil pointer dereference [recovered]
	panic: runtime error: invalid memory address or nil pointer dereference
[signal SIGSEGV: segmentation violation code=0x1 addr=0x58 pc=0x5d758c]
STACKTRACE (by watcher): goroutine 8 [running]:
testing.tRunner.func1.1(0x604480, 0x7b3850)
	/usr/lib/go-1.15/src/testing/testing.go:1072 +0x30d
testing.tRunner.func1(0xc00017e180)
	/usr/lib/go-1.15/src/testing/testing.go:1075 +0x41a
panic(0x604480, 0x7b3850)
	/usr/lib/go-1.15/src/runtime/panic.go:969 +0x1b9
github.com/modulo-srl/sparalog.Done()
	/home/mark/Projects/sparalog/sparalog.go:77 +0x10c
panic(0x604480, 0x7b3850)
	/usr/lib/go-1.15/src/runtime/panic.go:969 +0x1b9
github.com/modulo-srl/sparalog/test.TestMainPanic(0xc00017e180)
	/home/mark/Projects/sparalog/test/panic_test.go:26 +0x96
testing.tRunner(0xc00017e180, 0x656fd0)
	/usr/lib/go-1.15/src/testing/testing.go:1123 +0xef
created by testing.(*T).Run
	/usr/lib/go-1.15/src/testing/testing.go:1168 +0x2b3

2020-12-11 01:15:38.439 error: test
2020-12-11 01:15:38.442 fatal: panic: runtime error: invalid memory address or nil pointer dereference [recovered]
	panic: runtime error: invalid memory address or nil pointer dereference [recovered]
	panic: runtime error: invalid memory address or nil pointer dereference
[signal SIGSEGV: segmentation violation code=0x1 addr=0x58 pc=0x5d758c]
STACKTRACE (by watcher): goroutine 8 [running]:
testing.tRunner.func1.1(0x6044e0, 0x7b3870)
	/usr/lib/go-1.15/src/testing/testing.go:1072 +0x30d
testing.tRunner.func1(0xc0000fa180)
	/usr/lib/go-1.15/src/testing/testing.go:1075 +0x41a
panic(0x6044e0, 0x7b3870)
	/usr/lib/go-1.15/src/runtime/panic.go:969 +0x1b9
github.com/modulo-srl/sparalog.Done()
	/home/mark/Projects/sparalog/sparalog.go:77 +0x10c
panic(0x6044e0, 0x7b3870)
	/usr/lib/go-1.15/src/runtime/panic.go:969 +0x1b9
github.com/modulo-srl/sparalog/test.TestMainPanic(0xc0000fa180)
	/home/mark/Projects/sparalog/test/panic_test.go:25 +0x8b
testing.tRunner(0xc0000fa180, 0x6570f0)
	/usr/lib/go-1.15/src/testing/testing.go:1123 +0xef
created by testing.(*T).Run
	/usr/lib/go-1.15/src/testing/testing.go:1168 +0x2b3

2020-12-11 01:15:40.705 error: test
2020-12-11 01:15:40.708 fatal: panic: runtime error: invalid memory address or nil pointer dereference [recovered]
	panic: runtime error: invalid memory address or nil pointer dereference [recovered]
	panic: runtime error: invalid memory address or nil pointer dereference
[signal SIGSEGV: segmentation violation code=0x1 addr=0x58 pc=0x5d758c]
STACKTRACE (by watcher): goroutine 8 [running]:
testing.tRunner.func1.1(0x6044e0, 0x7b3870)
	/usr/lib/go-1.15/src/testing/testing.go:1072 +0x30d
testing.tRunner.func1(0xc0000fa180)
	/usr/lib/go-1.15/src/testing/testing.go:1075 +0x41a
panic(0x6044e0, 0x7b3870)
	/usr/lib/go-1.15/src/runtime/panic.go:969 +0x1b9
github.com/modulo-srl/sparalog.Done()
	/home/mark/Projects/sparalog/sparalog.go:77 +0x10c
panic(0x6044e0, 0x7b3870)
	/usr/lib/go-1.15/src/runtime/panic.go:969 +0x1b9
github.com/modulo-srl/sparalog/test.TestMainPanic(0xc0000fa180)
	/home/mark/Projects/sparalog/test/panic_test.go:25 +0x8b
testing.tRunner(0xc0000fa180, 0x6570f0)
	/usr/lib/go-1.15/src/testing/testing.go:1123 +0xef
created by testing.(*T).Run
	/usr/lib/go-1.15/src/testing/testing.go:1168 +0x2b3

2020-12-11 02:00:47.477 error: test
2020-12-11 03:51:33.268 error: test
